 AS V1.42 Beta [Bld 223] - Source File main.asm - Page 1 - 12/11/2022 23:56:48


       1/    F000 :                         ORG     $F000
       2/    F000 :                     
       3/    F000 :                         include "uart.asm"
(1)    1/    F000 :                         CPU     6502
(1)    2/    F000 :                     
(1)    3/    F000 : =$200                PIA_BASE    EQU     $0200
(1)    4/    F000 : =$200                PIA_PORTB   EQU     PIA_BASE + $0
(1)    5/    F000 : =$201                PIA_PORTA   EQU     PIA_BASE + $1
(1)    6/    F000 : =$202                PIA_DDRB    EQU     PIA_BASE + $2
(1)    7/    F000 : =$203                PIA_DDRA    EQU     PIA_BASE + $3
(1)    8/    F000 : =$20B                PIA_ACR     EQU     PIA_BASE + $B
(1)    9/    F000 : =$20C                PIA_PCR     EQU     PIA_BASE + $C
(1)   10/    F000 :                         
(1)   11/    F000 : =$0                  PIA_IN      EQU     $00
(1)   12/    F000 : =$FF                 PIA_OUT     EQU     $FF
(1)   13/    F000 :                     
(1)   14/    F000 : =$1                  FT240_WRMSK EQU     $01     ; WR on bit-0, pulse high to write to the FIFO
(1)   15/    F000 : =$20                 FT240_SIWU  EQU     $20     ; SIWU on bit 5, always high
(1)   16/    F000 : =$E                  FT240_NOSTB EQU     $0E     ; RD# = 1, irqs disabled 
(1)   17/    F000 : =$C                  FT240_RDSTB EQU     $0C     ; RD# = 0, irqs disabled (used to read from the FIFO)
(1)   18/    F000 : =$40                 FT240_TXE   EQU     $40     ; TXE# on bit 6 (FIFO can accept data when low)
(1)   19/    F000 : =$80                 FT240_RXF   EQU     $80     ; RXF# on bit 7 (FIFO has data when low)
(1)   20/    F000 :                     
(1)   21/    F000 :                     ; Initialize the VIA to operate iwth the FT240, which is use for console IO.
(1)   22/    F000 :                     FT240_init:
(1)   23/    F000 : A9 0E                   lda     #FT240_NOSTB    ; RD# = 1
(1)   24/    F002 : 8D 0C 02                sta     PIA_PCR
(1)   25/    F005 : AD 00 02                lda     PIA_PORTB
(1)   26/    F008 : 29 FE                   and     #~FT240_WRMSK   ; WR = 0, don't touch the other bits
(1)   27/    F00A : 09 20                   ora     #FT240_SIWU     ; SIWU = 1, dont' tough the other bits
(1)   28/    F00C : 8D 00 02                sta     PIA_PORTB
(1)   29/    F00F : A9 00                   lda     #PIA_IN         ; data port input, its only output when writing to FT240
(1)   30/    F011 : 8D 03 02                sta     PIA_DDRA
(1)   31/    F014 : AD 02 02                lda     PIA_DDRB        ; control ports bits for FT240, don't touch other bits
(1)   32/    F017 : 09 21                   ora     #(FT240_WRMSK | FT240_SIWU) & $FF   ; Ouptut pins
(1)   33/    F019 : 29 3F                   and     #(~(FT240_RXF | FT240_TXE)) & $FF   ; Input pins
(1)   34/    F01B : 8D 02 02                sta     PIA_DDRB
(1)   35/    F01E :                     
(1)   36/    F01E :                     FT240_Flush:
(1)   37/    F01E : 2C 00 02                bit     PIA_PORTB       ; Test RXF# (bit-7)
(1)   38/    F021 : 30 0E                   bmi     $$NoChar        ; Branch when RXF# is set, no data in FIFO
(1)   39/    F023 : A9 0C                   lda     #FT240_RDSTB    ; FT240 RD# = 0; strobe next byte from FIFO
(1)   40/    F025 : 8D 0C 02                sta     PIA_PCR
(1)   41/    F028 : EA                      nop
(1)   42/    F029 : A9 0E                   lda     #FT240_NOSTB    ; FT240 RD# = 1
(1)   43/    F02B : 8D 0C 02                sta     PIA_PCR
(1)   44/    F02E : 4C 1E F0                jmp     FT240_Flush
(1)   45/    F031 :                     $$NoChar:
(1)   46/    F031 : 60                      rts
(1)   47/    F032 :                     
(1)   48/    F032 :                     ; Output the value in the acc to the console    
(1)   49/    F032 :                     PutChar:
(1)   50/    F032 : 2C 00 02                bit     PIA_PORTB       ; Test TXE (bit-6)
(1)   51/    F035 : 70 FB                   bvs     PutChar         ; When set the FIFO is full, keep polling until there is room
(1)   52/    F037 : 8D 01 02                sta     PIA_PORTA       ; Write data to port
(1)   53/    F03A : A9 FF                   lda     #PIA_OUT        ; Set data port direction to output
(1)   54/    F03C : 8D 03 02                sta     PIA_DDRA
(1)   55/    F03F : AD 00 02                lda     PIA_PORTB       ; FT240 WR = 1 (don't touch other bits)
(1)   56/    F042 : 09 01                   ora     #FT240_WRMSK
(1)   57/    F044 : 8D 00 02                sta     PIA_PORTB
 AS V1.42 Beta [Bld 223] - Source File main.asm(uart.asm) - Page 2 - 12/11/2022 23:56:48


(1)   58/    F047 : 29 FE                   and     #~FT240_WRMSK   ; FT240 WR = 0
(1)   59/    F049 : 8D 00 02                sta     PIA_PORTB
(1)   60/    F04C : A9 00                   lda     #PIA_IN         ; Set data port direction to input
(1)   61/    F04E : 8D 03 02                sta     PIA_DDRA
(1)   62/    F051 : 60                      rts
(1)   63/    F052 :                     
(1)   64/    F052 :                     ; Read a character from the console in the acc, C == 1 indicates a character was read
(1)   65/    F052 :                     GetChar:
(1)   66/    F052 : 2C 00 02                bit     PIA_PORTB       ; Test RXF# (bit-7)
(1)   67/    F055 : 30 0F                   bmi     $$NoChar          ; Branch when RXF# is set, no data in FIFO
(1)   68/    F057 : A2 0C                   ldx     #FT240_RDSTB    ; FT240 RD# = 0; strobe next byte from FIFO
(1)   69/    F059 : 8E 0C 02                stx     PIA_PCR
(1)   70/    F05C : AD 01 02                lda     PIA_PORTA       ; Read data byte from FT240 (assumes DDR in input)
(1)   71/    F05F : A2 0E                   ldx     #FT240_NOSTB    ; FT240 RD# = 1
(1)   72/    F061 : 8E 0C 02                stx     PIA_PCR
(1)   73/    F064 : 38                      sec                     ; Set carry to indicate we read a data byte
(1)   74/    F065 : 60                      rts
(1)   75/    F066 :                     $$NoChar:
(1)   76/    F066 : 18                      clc                     ; Clear carry to indicate there was nothing to read
(1)   77/    F067 : 60                      rts
       4/    F068 :                         include "LED.asm"
(1)    1/    F068 :                         CPU     6502
(1)    2/    F068 :                         
(1)    3/    F068 :                     ; PIA already defined in uart.asm
(1)    4/    F068 :                     
(1)    5/    F068 : =$4                  LED_RED     EQU     $04
(1)    6/    F068 : =$8                  LED_GREEN   EQU     $08
(1)    7/    F068 : =$2                  LED_BLUE    EQU     $02
(1)    8/    F068 :                     
(1)    9/    F068 :                     ledon   macro   name,bitName,{GLOBALSYMBOLS}
(1)   10/    F068 :                     LED_name_On:
(1)   11/    F068 :                         pha
(1)   12/    F068 :                         lda     PIA_PORTB
(1)   13/    F068 :                         ora     #bitName
(1)   14/    F068 :                         sta     PIA_PORTB
(1)   15/    F068 :                         pla
(1)   16/    F068 :                         rts
(1)   17/    F068 :                         endm
(1)   18/    F068 :                         
(1)   19/    F068 :                     ledoff   macro   name,bitName,{GLOBALSYMBOLS}
(1)   20/    F068 :                     LED_name_Off:
(1)   21/    F068 :                         pha
(1)   22/    F068 :                         lda     PIA_PORTB
(1)   23/    F068 :                         and     #(~bitName) & 255
(1)   24/    F068 :                         sta     PIA_PORTB
(1)   25/    F068 :                         pla
(1)   26/    F068 :                         rts
(1)   27/    F068 :                         endm
(1)   28/    F068 :                     
(1)   29/    F068 :                     ledtoggle   macro   name,bitName,{GLOBALSYMBOLS}
(1)   30/    F068 :                     LED_name_Toggle:
(1)   31/    F068 :                         pha
(1)   32/    F068 :                         lda     PIA_PORTB
(1)   33/    F068 :                         eor     #bitName
(1)   34/    F068 :                         sta     PIA_PORTB
(1)   35/    F068 :                         pla
(1)   36/    F068 :                         rts
(1)   37/    F068 :                         endm
(1)   38/    F068 :                     
(1)   39/    F068 :                     
 AS V1.42 Beta [Bld 223] - Source File main.asm(LED.asm) - Page 3 - 12/11/2022 23:56:48


(1)   40/    F068 :                     LED_init:
(1)   41/    F068 : AD 00 02                lda     PIA_PORTB
(1)   42/    F06B : 29 F1                   and     #(~(LED_RED | LED_GREEN | LED_BLUE)) & 255
(1)   43/    F06D : 8D 00 02                sta     PIA_PORTB
(1)   44/    F070 : AD 02 02                lda     PIA_DDRB
(1)   45/    F073 : 09 0E                   ora     #(LED_RED | LED_GREEN | LED_BLUE) & 255
(1)   46/    F075 : 8D 02 02                sta     PIA_DDRB
(1)   47/    F078 : 60                      rts
(1)   48/    F079 :                     
(1)   49/    F079 : (MACRO)                  ledon       Red,LED_RED
(1)   49/    F079 :                     LED_RED_On:
(1)   49/    F079 : 48                      pha
(1)   49/    F07A : AD 00 02                lda     PIA_PORTB
(1)   49/    F07D : 09 04                   ora     #LED_RED
(1)   49/    F07F : 8D 00 02                sta     PIA_PORTB
(1)   49/    F082 : 68                      pla
(1)   49/    F083 : 60                      rts
(1)   50/    F084 : (MACRO)                  ledoff      Red,LED_RED
(1)   50/    F084 :                     LED_RED_Off:
(1)   50/    F084 : 48                      pha
(1)   50/    F085 : AD 00 02                lda     PIA_PORTB
(1)   50/    F088 : 29 FB                   and     #(~LED_RED) & 255
(1)   50/    F08A : 8D 00 02                sta     PIA_PORTB
(1)   50/    F08D : 68                      pla
(1)   50/    F08E : 60                      rts
(1)   51/    F08F : (MACRO)                  ledtoggle   Red,LED_RED
(1)   51/    F08F :                     LED_RED_Toggle:
(1)   51/    F08F : 48                      pha
(1)   51/    F090 : AD 00 02                lda     PIA_PORTB
(1)   51/    F093 : 49 04                   eor     #LED_RED
(1)   51/    F095 : 8D 00 02                sta     PIA_PORTB
(1)   51/    F098 : 68                      pla
(1)   51/    F099 : 60                      rts
(1)   52/    F09A :                         
(1)   53/    F09A : (MACRO)                  ledon       Green,LED_GREEN
(1)   53/    F09A :                     LED_GREEN_On:
(1)   53/    F09A : 48                      pha
(1)   53/    F09B : AD 00 02                lda     PIA_PORTB
(1)   53/    F09E : 09 08                   ora     #LED_GREEN
(1)   53/    F0A0 : 8D 00 02                sta     PIA_PORTB
(1)   53/    F0A3 : 68                      pla
(1)   53/    F0A4 : 60                      rts
(1)   54/    F0A5 : (MACRO)                  ledoff      Green,LED_GREEN
(1)   54/    F0A5 :                     LED_GREEN_Off:
(1)   54/    F0A5 : 48                      pha
(1)   54/    F0A6 : AD 00 02                lda     PIA_PORTB
(1)   54/    F0A9 : 29 F7                   and     #(~LED_GREEN) & 255
(1)   54/    F0AB : 8D 00 02                sta     PIA_PORTB
(1)   54/    F0AE : 68                      pla
(1)   54/    F0AF : 60                      rts
(1)   55/    F0B0 : (MACRO)                  ledtoggle   Green,LED_GREEN
(1)   55/    F0B0 :                     LED_GREEN_Toggle:
(1)   55/    F0B0 : 48                      pha
(1)   55/    F0B1 : AD 00 02                lda     PIA_PORTB
(1)   55/    F0B4 : 49 08                   eor     #LED_GREEN
(1)   55/    F0B6 : 8D 00 02                sta     PIA_PORTB
(1)   55/    F0B9 : 68                      pla
(1)   55/    F0BA : 60                      rts
(1)   56/    F0BB :                     
(1)   57/    F0BB : (MACRO)                  ledon       Blue,LED_BLUE
 AS V1.42 Beta [Bld 223] - Source File main.asm(LED.asm) - Page 4 - 12/11/2022 23:56:48


(1)   57/    F0BB :                     LED_BLUE_On:
(1)   57/    F0BB : 48                      pha
(1)   57/    F0BC : AD 00 02                lda     PIA_PORTB
(1)   57/    F0BF : 09 02                   ora     #LED_BLUE
(1)   57/    F0C1 : 8D 00 02                sta     PIA_PORTB
(1)   57/    F0C4 : 68                      pla
(1)   57/    F0C5 : 60                      rts
(1)   58/    F0C6 : (MACRO)                  ledoff      Blue,LED_BLUE
(1)   58/    F0C6 :                     LED_BLUE_Off:
(1)   58/    F0C6 : 48                      pha
(1)   58/    F0C7 : AD 00 02                lda     PIA_PORTB
(1)   58/    F0CA : 29 FD                   and     #(~LED_BLUE) & 255
(1)   58/    F0CC : 8D 00 02                sta     PIA_PORTB
(1)   58/    F0CF : 68                      pla
(1)   58/    F0D0 : 60                      rts
(1)   59/    F0D1 : (MACRO)                  ledtoggle   Blue,LED_BLUE  
(1)   59/    F0D1 :                     LED_BLUE_Toggle:
(1)   59/    F0D1 : 48                      pha
(1)   59/    F0D2 : AD 00 02                lda     PIA_PORTB
(1)   59/    F0D5 : 49 02                   eor     #LED_BLUE
(1)   59/    F0D7 : 8D 00 02                sta     PIA_PORTB
(1)   59/    F0DA : 68                      pla
(1)   59/    F0DB : 60                      rts
(1)   60/    F0DC :                     
       5/    F0DC :                         include "mon.asm"    
(1)    1/    F0DC :                         CPU     6502
(1)    2/    F0DC :                     
(1)    3/    F0DC :                     ; Simple monitor:
(1)    4/    F0DC :                     ; Prompt messsage is:
(1)    5/    F0DC :                     ; 
(1)    6/    F0DC :                     ; aaaa bb>
(1)    7/    F0DC :                     ; 
(1)    8/    F0DC :                     ; Where aaaa is the current addess and bb is the current value at that address.
(1)    9/    F0DC :                     ;
(1)   10/    F0DC :                     ; Commands:
(1)   11/    F0DC :                     ; ?     Show the info message
(1)   12/    F0DC :                     ; =     Re-read the current address
(1)   13/    F0DC :                     ; <lf>  Write to current address and increment address
(1)   14/    F0DC :                     ; +     Increment current address
(1)   15/    F0DC :                     ; -     Decrement current address
(1)   16/    F0DC :                     ; g     Go to current address
(1)   17/    F0DC :                     ; <sp>  Set current address   
(1)   18/    F0DC :                     
(1)   19/    F0DC :                     ; Zero page address
(1)   20/    F0DC : =$0                  addrL       EQU     $00
(1)   21/    F0DC : =$1                  addrH       EQU     $01
(1)   22/    F0DC : =$2                  userL       EQU     $02
(1)   23/    F0DC : =$3                  userH       EQU     $03
(1)   24/    F0DC :                     
(1)   25/    F0DC :                     reset:
(1)   26/    F0DC : D8                      cld                     ; Make sure we are NOT is decimal mode
(1)   27/    F0DD : A2 FF                   ldx     #$FF
(1)   28/    F0DF : 9A                      txs
(1)   29/    F0E0 : 20 00 F0                jsr     FT240_init
(1)   30/    F0E3 : 20 68 F0                jsr     LED_init
(1)   31/    F0E6 :                     
(1)   32/    F0E6 :                     InitMon:
(1)   33/    F0E6 : A9 00                   lda     #$00            ; Clear monitor state
(1)   34/    F0E8 : 85 00                   sta     addrL           
(1)   35/    F0EA : 85 01                   sta     addrH
 AS V1.42 Beta [Bld 223] - Source File main.asm(mon.asm) - Page 5 - 12/11/2022 23:56:48


(1)   36/    F0EC : 85 02                   sta     userL
(1)   37/    F0EE : 85 03                   sta     userH
(1)   38/    F0F0 :                         
(1)   39/    F0F0 :                     InfoCmd:
(1)   40/    F0F0 : A2 00                   ldx     #$00
(1)   41/    F0F2 :                     $$loop
(1)   42/    F0F2 : BD CE F1                lda     InfoStr,x
(1)   43/    F0F5 : F0 07                   beq     Prompt     
(1)   44/    F0F7 : 20 32 F0                jsr     PutChar
(1)   45/    F0FA : E8                      inx
(1)   46/    F0FB : 4C F2 F0                jmp     $$loop
(1)   47/    F0FE :                     
(1)   48/    F0FE :                     Prompt:
(1)   49/    F0FE : 20 84 F0                jsr     LED_RED_Off
(1)   50/    F101 : A9 0A                   lda     #$0a            ; Show Prompt
(1)   51/    F103 : 20 32 F0                jsr     PutChar
(1)   52/    F106 : A5 01                   lda     addrH           ; Show high address
(1)   53/    F108 : 20 A8 F1                jsr     PutHex
(1)   54/    F10B : A5 00                   lda     addrL           ; Show low address
(1)   55/    F10D : 20 A8 F1                jsr     PutHex
(1)   56/    F110 : A9 20                   lda     #' '            ; Space to seperate address and data
(1)   57/    F112 : 20 32 F0                jsr     PutChar
(1)   58/    F115 : A0 00                   ldy     #$00
(1)   59/    F117 : B1 00                   lda     (addrL),y       ; Show data at address
(1)   60/    F119 : 20 A8 F1                jsr     PutHex
(1)   61/    F11C : A9 3E                   lda     #'>'            ; Show Prompt
(1)   62/    F11E : 20 32 F0                jsr     PutChar
(1)   63/    F121 :                      NextChar:   
(1)   64/    F121 : 20 52 F0                jsr     GetChar         ; get char from user
(1)   65/    F124 : 90 FB                   bcc     NextChar        ; Got a char? Keep polling until we get a char
(1)   66/    F126 : 20 79 F0                jsr     LED_RED_On
(1)   67/    F129 : AA                      tax
(1)   68/    F12A : 20 32 F0                jsr     PutChar         ; Should we echo the character?????
(1)   69/    F12D : 8A                      txa
(1)   70/    F12E : C9 3F                   cmp     #'?'            ; Show info?
(1)   71/    F130 : F0 BE                   beq     InfoCmd
(1)   72/    F132 : C9 3D                   cmp     #'='            ; re-read address?
(1)   73/    F134 : F0 C8                   beq     Prompt
(1)   74/    F136 : C9 0A                   cmp     #$0a            ; Write data byte?
(1)   75/    F138 : D0 09                   bne     NotWrite
(1)   76/    F13A : A5 02                   lda     userL           ; Get the last 8-bit value entered
(1)   77/    F13C : A0 00                   ldy     #$00
(1)   78/    F13E : 91 00                   sta     (addrL),y       ; Store at the current address
(1)   79/    F140 : 4C 47 F1                jmp     DoInc           ; Increment the current address
(1)   80/    F143 :                     
(1)   81/    F143 :                     NotWrite:
(1)   82/    F143 : C9 2B                   cmp     #'+'            ; Incement address?
(1)   83/    F145 : D0 09                   bne     NotInc
(1)   84/    F147 :                     DoInc:
(1)   85/    F147 : E6 00                   inc     addrL           ; TODO test this logic: 03FF -> 0400 -> 0401; FFFF -> 0000
(1)   86/    F149 : D0 B3                   bne     Prompt
(1)   87/    F14B : E6 01                   inc     addrH
(1)   88/    F14D : 4C FE F0                jmp     Prompt
(1)   89/    F150 :                     
(1)   90/    F150 :                     NotInc:
(1)   91/    F150 : C9 2D                   cmp     #'-'            ; Decrement address?
(1)   92/    F152 : D0 0B                   bne     NotDec
(1)   93/    F154 : A5 00                   lda     addrL
(1)   94/    F156 : D0 02                   bne     $$NoMSB
(1)   95/    F158 : C6 01                   dec     addrH
 AS V1.42 Beta [Bld 223] - Source File main.asm(mon.asm) - Page 6 - 12/11/2022 23:56:48


(1)   96/    F15A :                     $$NoMSB:
(1)   97/    F15A : C6 00                   dec     addrL
(1)   98/    F15C : 4C FE F0                jmp     Prompt
(1)   99/    F15F :                     
(1)  100/    F15F :                     NotDec:
(1)  101/    F15F : C9 67                   cmp     #'g'            ; go to address?
(1)  102/    F161 : D0 09                   bne     NotGo
(1)  103/    F163 : A9 F0                   lda     #(reset-1)>>8   ; push the return address onto the stack
(1)  104/    F165 : 48                      pha
(1)  105/    F166 : A9 DB                   lda     #(reset-1)&$FF
(1)  106/    F168 : 48                      pha
(1)  107/    F169 : 6C 00 00                jmp     (addrL)
(1)  108/    F16C :                     
(1)  109/    F16C :                     NotGo:
(1)  110/    F16C : C9 20                   cmp     #' '            ; set current address?
(1)  111/    F16E : D0 11                   bne     NotAddr
(1)  112/    F170 : A5 02                   lda     userL           ; move the user value to the current address
(1)  113/    F172 : 85 00                   sta     addrL
(1)  114/    F174 : A5 03                   lda     userH
(1)  115/    F176 : 85 01                   sta     addrH
(1)  116/    F178 : A9 00                   lda     #$00            ; clear user value
(1)  117/    F17A : 85 02                   sta     userL
(1)  118/    F17C : 85 03                   sta     userH
(1)  119/    F17E : 4C FE F0                jmp     Prompt          ; Continue with the new address 
(1)  120/    F181 :                     
(1)  121/    F181 :                     NotAddr:
(1)  122/    F181 :                     ParseHex:
(1)  123/    F181 :                         ; Process hex digit [0..9][A..F][a..f]
(1)  124/    F181 : 09 20                   ora     #$20            ; Force to lower
(1)  125/    F183 : A2 0F                   ldx     #$0F            ; initialize index
(1)  126/    F185 :                     ParseLoop:
(1)  127/    F185 : DD BE F1                cmp     HexChars,x      ; Is it this digit?
(1)  128/    F188 : F0 06                   beq     GotHex          ; Yes, process the nibble value
(1)  129/    F18A : CA                      dex                     ; No, advance index
(1)  130/    F18B : 10 F8                   bpl     ParseLoop       ; Keep checking until index underflows
(1)  131/    F18D : 4C FE F0                jmp     Prompt          ; Index underflowed, not a hex digit- abort
(1)  132/    F190 :                     GotHex:
(1)  133/    F190 : 06 02                   asl     userL           ; Shift the user value to the left by 4 bits
(1)  134/    F192 : 26 03                   rol     userH
(1)  135/    F194 : 06 02                   asl     userL
(1)  136/    F196 : 26 03                   rol     userH
(1)  137/    F198 : 06 02                   asl     userL
(1)  138/    F19A : 26 03                   rol     userH
(1)  139/    F19C : 06 02                   asl     userL
(1)  140/    F19E : 26 03                   rol     userH
(1)  141/    F1A0 : 8A                      txa                     ; Get the nibble value
(1)  142/    F1A1 : 05 02                   ora     userL           ; Insert the nibble into the user value
(1)  143/    F1A3 : 85 02                   sta     userL
(1)  144/    F1A5 : 4C 21 F1                jmp     NextChar        ; Done, get next char    
(1)  145/    F1A8 :                         
(1)  146/    F1A8 :                     ; Output the value in acc to the console as two hex bytes
(1)  147/    F1A8 :                     PutHex:
(1)  148/    F1A8 : A8                      tay                         ; save value
(1)  149/    F1A9 : 4A                      lsr                         ; move high nibble to low
(1)  150/    F1AA : 4A                      lsr
(1)  151/    F1AB : 4A                      lsr
(1)  152/    F1AC : 4A                      lsr
(1)  153/    F1AD : AA                      tax
(1)  154/    F1AE : BD BE F1                lda     HexChars,X          ; lookup hex digit 
(1)  155/    F1B1 : 20 32 F0                jsr     PutChar
 AS V1.42 Beta [Bld 223] - Source File main.asm(mon.asm) - Page 7 - 12/11/2022 23:56:48


(1)  156/    F1B4 : 98                      tya                         ; get value back
(1)  157/    F1B5 : 29 0F                   and     #$0f                ; mask high nibble away
(1)  158/    F1B7 : AA                      tax
(1)  159/    F1B8 : BD BE F1                lda     HexChars,X          ; lookup hex digit 
(1)  160/    F1BB : 4C 32 F0                jmp     PutChar
(1)  161/    F1BE :                     
(1)  162/    F1BE :                     HexChars:
(1)  163/    F1BE : 30 31 32 33 34 35       FCB     "0123456789abcdef"
             F1C4 : 36 37 38 39 61 62 
             F1CA : 63 64 65 66       
(1)  164/    F1CE :                         
(1)  165/    F1CE :                     InfoStr:
(1)  166/    F1CE : 0A 4D 69 6E 69 4D       FCB     10,"MiniMon,0.1,6502,0",10,0
             F1D4 : 6F 6E 2C 30 2E 31 
             F1DA : 2C 36 35 30 32 2C 
             F1E0 : 30 0A 00          
(1)  167/    F1E3 :                        
(1)  168/    F1E3 :                     nmi:
(1)  169/    F1E3 : 4C E3 F1                jmp     nmi
(1)  170/    F1E6 :                     
(1)  171/    F1E6 :                     irqBrk:
(1)  172/    F1E6 : 4C E6 F1                jmp     irqBrk
(1)  173/    F1E9 :                     
(1)  174/    F1E9 :                         
       6/    F1E9 :                         include "vec.asm"
(1)    1/    F1E9 :                         CPU     6502
(1)    2/    F1E9 :                     
(1)    3/    F1E9 :                     ; Vector table
(1)    4/    FFFA :                         ORG    $FFFA
(1)    5/    FFFA : E3 F1                   ADR     nmi
(1)    6/    FFFC : DC F0                   ADR     reset
(1)    7/    FFFE : E6 F1                   ADR     irqBrk
(1)    8/   10000 :                     
       7/   10000 :                     
 AS V1.42 Beta [Bld 223] - Source File main.asm - Page 8 - 12/11/2022 23:56:48


  Symbol Table (* = unused):
  --------------------------

 ADDRH :                          1 - |  ADDRL :                          0 - |
*ARCHITECTURE :                                        "i386-unknown-win32" - |
*CASESENSITIVE :                  0 - | *COMPMODE :                       0 - |
*CONSTPI :        3.141592653589793 - | *DATE :                "12/11/2022" - |
 DOINC :                       F147 C | *FALSE :                          0 - |
 FT240_FLUSH :                 F01E C |  FT240_INIT :                  F000 C |
 FT240_NOSTB :                    E - |  FT240_RDSTB :                    C - |
 FT240_RXF :                     80 - |  FT240_SIWU :                    20 - |
 FT240_TXE :                     40 - |  FT240_WRMSK :                    1 - |
*FULLPMMU :                       1 - |  GETCHAR :                     F052 C |
 GOTHEX :                      F190 C | *HAS64 :                          0 - |
*HASFPU :                         0 - | *HASPMMU :                        0 - |
 HEXCHARS :                    F1BE C |  INFOCMD :                     F0F0 C |
 INFOSTR :                     F1CE C | *INITMON :                     F0E6 C |
*INSUPMODE :                      0 - |  IRQBRK :                      F1E6 C |
 LED_BLUE :                       2 - | *LED_BLUE_OFF :                F0C6 C |
*LED_BLUE_ON :                 F0BB C | *LED_BLUE_TOGGLE :             F0D1 C |
 LED_GREEN :                      8 - | *LED_GREEN_OFF :               F0A5 C |
*LED_GREEN_ON :                F09A C | *LED_GREEN_TOGGLE :            F0B0 C |
 LED_INIT :                    F068 C |  LED_RED :                        4 - |
 LED_RED_OFF :                 F084 C |  LED_RED_ON :                  F079 C |
*LED_RED_TOGGLE :              F08F C | *LISTON :                         1 - |
 LOOP45 :                      F0F2 C | *MACEXP :                         7 - |
*MOMCPU :                      6502 - | *MOMCPUNAME :                "6502" - |
*NESTMAX :                      100 - |  NEXTCHAR :                    F121 C |
 NMI :                         F1E3 C |  NOCHAR19 :                    F031 C |
 NOCHAR21 :                    F066 C |  NOMSB50 :                     F15A C |
 NOTADDR :                     F181 C |  NOTDEC :                      F15F C |
 NOTGO :                       F16C C |  NOTINC :                      F150 C |
 NOTWRITE :                    F143 C | *PADDING :                        1 - |
*PARSEHEX :                    F181 C |  PARSELOOP :                   F185 C |
*PIA_ACR :                      20B - |  PIA_BASE :                     200 - |
 PIA_DDRA :                     203 - |  PIA_DDRB :                     202 - |
 PIA_IN :                         0 - |  PIA_OUT :                       FF - |
 PIA_PCR :                      20C - |  PIA_PORTA :                    201 - |
 PIA_PORTB :                    200 - |  PROMPT :                      F0FE C |
 PUTCHAR :                     F032 C |  PUTHEX :                      F1A8 C |
*RELAXED :                        0 - |  RESET :                       F0DC C |
*TIME :                  "23:56:48" - | *TRUE :                           1 - |
 USERH :                          3 - |  USERL :                          2 - |
*VERSION :                     142F - |

     80 symbols
     31 unused symbols

 AS V1.42 Beta [Bld 223] - Source File main.asm - Page 9 - 12/11/2022 23:56:48


  Defined Macros:
  ---------------

LEDOFF                                | LEDON                                
LEDTOGGLE                             |

      3 macros

 AS V1.42 Beta [Bld 223] - Source File main.asm - Page 10 - 12/11/2022 23:56:48


  Code Pages:
  ----------

STANDARD (0 changed characters)

1 code page
 AS V1.42 Beta [Bld 223] - Source File main.asm - Page 11 - 12/11/2022 23:56:48



  Cross Reference List:
  ---------------------

symbol ADDRH (=1, Z:\prj\homebrew\software\mon\6502\mon.asm:21):
 file Z:\prj\homebrew\software\mon\6502\mon.asm :
     35       52       87       95      115    

symbol ADDRL (=0, Z:\prj\homebrew\software\mon\6502\mon.asm:20):
 file Z:\prj\homebrew\software\mon\6502\mon.asm :
     34       54       59       78       85       93       97      107    
    113    

symbol DOINC (=F147, Z:\prj\homebrew\software\mon\6502\mon.asm:84):
 file Z:\prj\homebrew\software\mon\6502\mon.asm :
     79    

symbol FT240_FLUSH (=F01E, Z:\prj\homebrew\software\mon\6502\uart.asm:36):
 file Z:\prj\homebrew\software\mon\6502\uart.asm :
     44    

symbol FT240_INIT (=F000, Z:\prj\homebrew\software\mon\6502\uart.asm:22):
 file Z:\prj\homebrew\software\mon\6502\mon.asm :
     29    

symbol FT240_NOSTB (=E, Z:\prj\homebrew\software\mon\6502\uart.asm:16):
 file Z:\prj\homebrew\software\mon\6502\uart.asm :
     23       42       71    

symbol FT240_RDSTB (=C, Z:\prj\homebrew\software\mon\6502\uart.asm:17):
 file Z:\prj\homebrew\software\mon\6502\uart.asm :
     39       68    

symbol FT240_RXF (=80, Z:\prj\homebrew\software\mon\6502\uart.asm:19):
 file Z:\prj\homebrew\software\mon\6502\uart.asm :
     33    

symbol FT240_SIWU (=20, Z:\prj\homebrew\software\mon\6502\uart.asm:15):
 file Z:\prj\homebrew\software\mon\6502\uart.asm :
     27       32    

symbol FT240_TXE (=40, Z:\prj\homebrew\software\mon\6502\uart.asm:18):
 file Z:\prj\homebrew\software\mon\6502\uart.asm :
     33    

symbol FT240_WRMSK (=1, Z:\prj\homebrew\software\mon\6502\uart.asm:14):
 file Z:\prj\homebrew\software\mon\6502\uart.asm :
     26       32       56       58    

symbol GETCHAR (=F052, Z:\prj\homebrew\software\mon\6502\uart.asm:65):
 file Z:\prj\homebrew\software\mon\6502\mon.asm :
     64    

symbol GOTHEX (=F190, Z:\prj\homebrew\software\mon\6502\mon.asm:132):
 file Z:\prj\homebrew\software\mon\6502\mon.asm :
    128    

symbol HEXCHARS (=F1BE, Z:\prj\homebrew\software\mon\6502\mon.asm:162):
 file Z:\prj\homebrew\software\mon\6502\mon.asm :
    127      154      159    
 AS V1.42 Beta [Bld 223] - Source File main.asm - Page 12 - 12/11/2022 23:56:48



symbol INFOCMD (=F0F0, Z:\prj\homebrew\software\mon\6502\mon.asm:39):
 file Z:\prj\homebrew\software\mon\6502\mon.asm :
     71    

symbol INFOSTR (=F1CE, Z:\prj\homebrew\software\mon\6502\mon.asm:165):
 file Z:\prj\homebrew\software\mon\6502\mon.asm :
     42    

symbol IRQBRK (=F1E6, Z:\prj\homebrew\software\mon\6502\mon.asm:171):
 file Z:\prj\homebrew\software\mon\6502\mon.asm :
    172    
 file Z:\prj\homebrew\software\mon\6502\vec.asm :
      7    

symbol LED_BLUE (=2, Z:\prj\homebrew\software\mon\6502\LED.asm:7):
 file Z:\prj\homebrew\software\mon\6502\LED.asm :
     42       45       57       58       59    

symbol LED_GREEN (=8, Z:\prj\homebrew\software\mon\6502\LED.asm:6):
 file Z:\prj\homebrew\software\mon\6502\LED.asm :
     42       45       53       54       55    

symbol LED_INIT (=F068, Z:\prj\homebrew\software\mon\6502\LED.asm:40):
 file Z:\prj\homebrew\software\mon\6502\mon.asm :
     30    

symbol LED_RED (=4, Z:\prj\homebrew\software\mon\6502\LED.asm:5):
 file Z:\prj\homebrew\software\mon\6502\LED.asm :
     42       45       49       50       51    

symbol LED_RED_OFF (=F084, Z:\prj\homebrew\software\mon\6502\LED.asm:50):
 file Z:\prj\homebrew\software\mon\6502\mon.asm :
     49    

symbol LED_RED_ON (=F079, Z:\prj\homebrew\software\mon\6502\LED.asm:49):
 file Z:\prj\homebrew\software\mon\6502\mon.asm :
     66    

symbol LOOP45 (=F0F2, Z:\prj\homebrew\software\mon\6502\mon.asm:41):
 file Z:\prj\homebrew\software\mon\6502\mon.asm :
     46    

symbol NEXTCHAR (=F121, Z:\prj\homebrew\software\mon\6502\mon.asm:63):
 file Z:\prj\homebrew\software\mon\6502\mon.asm :
     65      144    

symbol NMI (=F1E3, Z:\prj\homebrew\software\mon\6502\mon.asm:168):
 file Z:\prj\homebrew\software\mon\6502\mon.asm :
    169    
 file Z:\prj\homebrew\software\mon\6502\vec.asm :
      5    

symbol NOCHAR19 (=F031, Z:\prj\homebrew\software\mon\6502\uart.asm:45):
 file Z:\prj\homebrew\software\mon\6502\uart.asm :
     38    

symbol NOCHAR21 (=F066, Z:\prj\homebrew\software\mon\6502\uart.asm:75):
 file Z:\prj\homebrew\software\mon\6502\uart.asm :
     67    
 AS V1.42 Beta [Bld 223] - Source File main.asm - Page 13 - 12/11/2022 23:56:48



symbol NOMSB50 (=F15A, Z:\prj\homebrew\software\mon\6502\mon.asm:96):
 file Z:\prj\homebrew\software\mon\6502\mon.asm :
     94    

symbol NOTADDR (=F181, Z:\prj\homebrew\software\mon\6502\mon.asm:121):
 file Z:\prj\homebrew\software\mon\6502\mon.asm :
    111    

symbol NOTDEC (=F15F, Z:\prj\homebrew\software\mon\6502\mon.asm:100):
 file Z:\prj\homebrew\software\mon\6502\mon.asm :
     92    

symbol NOTGO (=F16C, Z:\prj\homebrew\software\mon\6502\mon.asm:109):
 file Z:\prj\homebrew\software\mon\6502\mon.asm :
    102    

symbol NOTINC (=F150, Z:\prj\homebrew\software\mon\6502\mon.asm:90):
 file Z:\prj\homebrew\software\mon\6502\mon.asm :
     83    

symbol NOTWRITE (=F143, Z:\prj\homebrew\software\mon\6502\mon.asm:81):
 file Z:\prj\homebrew\software\mon\6502\mon.asm :
     75    

symbol PARSELOOP (=F185, Z:\prj\homebrew\software\mon\6502\mon.asm:126):
 file Z:\prj\homebrew\software\mon\6502\mon.asm :
    130    

symbol PIA_BASE (=200, Z:\prj\homebrew\software\mon\6502\uart.asm:3):
 file Z:\prj\homebrew\software\mon\6502\uart.asm :
      4        5        6        7        8        9    

symbol PIA_DDRA (=203, Z:\prj\homebrew\software\mon\6502\uart.asm:7):
 file Z:\prj\homebrew\software\mon\6502\uart.asm :
     30       54       61    

symbol PIA_DDRB (=202, Z:\prj\homebrew\software\mon\6502\uart.asm:6):
 file Z:\prj\homebrew\software\mon\6502\uart.asm :
     31       34    
 file Z:\prj\homebrew\software\mon\6502\LED.asm :
     44       46    

symbol PIA_IN (=0, Z:\prj\homebrew\software\mon\6502\uart.asm:11):
 file Z:\prj\homebrew\software\mon\6502\uart.asm :
     29       60    

symbol PIA_OUT (=FF, Z:\prj\homebrew\software\mon\6502\uart.asm:12):
 file Z:\prj\homebrew\software\mon\6502\uart.asm :
     53    

symbol PIA_PCR (=20C, Z:\prj\homebrew\software\mon\6502\uart.asm:9):
 file Z:\prj\homebrew\software\mon\6502\uart.asm :
     24       40       43       69       72    

symbol PIA_PORTA (=201, Z:\prj\homebrew\software\mon\6502\uart.asm:5):
 file Z:\prj\homebrew\software\mon\6502\uart.asm :
     52       70    

symbol PIA_PORTB (=200, Z:\prj\homebrew\software\mon\6502\uart.asm:4):
 AS V1.42 Beta [Bld 223] - Source File main.asm - Page 14 - 12/11/2022 23:56:48


 file Z:\prj\homebrew\software\mon\6502\uart.asm :
     25       28       37       50       55       57       59       66    
 file Z:\prj\homebrew\software\mon\6502\LED.asm :
     41       43       49( 2)   50( 2)   51( 2)   53( 2)   54( 2)   55( 2)
     57( 2)   58( 2)   59( 2)

symbol PROMPT (=F0FE, Z:\prj\homebrew\software\mon\6502\mon.asm:48):
 file Z:\prj\homebrew\software\mon\6502\mon.asm :
     43       73       86       88       98      119      131    

symbol PUTCHAR (=F032, Z:\prj\homebrew\software\mon\6502\uart.asm:49):
 file Z:\prj\homebrew\software\mon\6502\uart.asm :
     51    
 file Z:\prj\homebrew\software\mon\6502\mon.asm :
     44       51       57       62       68      155      160    

symbol PUTHEX (=F1A8, Z:\prj\homebrew\software\mon\6502\mon.asm:147):
 file Z:\prj\homebrew\software\mon\6502\mon.asm :
     53       55       60    

symbol RESET (=F0DC, Z:\prj\homebrew\software\mon\6502\mon.asm:25):
 file Z:\prj\homebrew\software\mon\6502\mon.asm :
    103      105    
 file Z:\prj\homebrew\software\mon\6502\vec.asm :
      6    

symbol USERH (=3, Z:\prj\homebrew\software\mon\6502\mon.asm:23):
 file Z:\prj\homebrew\software\mon\6502\mon.asm :
     37      114      118      134      136      138      140    

symbol USERL (=2, Z:\prj\homebrew\software\mon\6502\mon.asm:22):
 file Z:\prj\homebrew\software\mon\6502\mon.asm :
     36       76      112      117      133      135      137      139    
    142      143    



0.03 seconds assembly time

    326 lines source file
    389 lines incl. macro expansions
      2 passes
      0 errors
      0 warnings
