 AS V1.42 Beta [Bld 223] - Source File main.asm - Page 1 - 12/12/2022 0:2:22


       1/    F000 :                         ORG     $F000
       2/    F000 :                     
       3/    F000 :                         include "uart.asm"
(1)    1/    F000 :                         CPU     6800
(1)    2/    F000 :                     
(1)    3/    F000 : =$200                PIA_BASE    EQU     $0200
(1)    4/    F000 : =$200                PIA_PORTB   EQU     PIA_BASE + $0
(1)    5/    F000 : =$201                PIA_PORTA   EQU     PIA_BASE + $1
(1)    6/    F000 : =$202                PIA_DDRB    EQU     PIA_BASE + $2
(1)    7/    F000 : =$203                PIA_DDRA    EQU     PIA_BASE + $3
(1)    8/    F000 : =$20B                PIA_ACR     EQU     PIA_BASE + $B
(1)    9/    F000 : =$20C                PIA_PCR     EQU     PIA_BASE + $C
(1)   10/    F000 :                         
(1)   11/    F000 : =$0                  PIA_IN      EQU     $00
(1)   12/    F000 : =$FF                 PIA_OUT     EQU     $FF
(1)   13/    F000 :                     
(1)   14/    F000 : =$1                  FT240_WRMSK EQU     $01     ; WR on bit-0
(1)   15/    F000 : =$20                 FT240_SIWU  EQU     $20     ; SIWU on bit 5, always high
(1)   16/    F000 : =$E                  FT240_NOSTB EQU     $0E     ; RD# = 1, irqs disabled 
(1)   17/    F000 : =$C                  FT240_RDSTB EQU     $0C     ; RD# = 0, irqs disabled 
(1)   18/    F000 : =$40                 FT240_TXE   EQU     $40     ; TXE# on bit 6 (FIFO can accept data when low)
(1)   19/    F000 : =$80                 FT240_RXF   EQU     $80     ; RXF# on bit 7 (FIFO has data when low)
(1)   20/    F000 :                     
(1)   21/    F000 :                     
(1)   22/    F000 :                     ; Initialize the VIA to operate iwth the FT240, which is use for console IO.
(1)   23/    F000 :                     FT240_init:
(1)   24/    F000 : 86 0E                   ldaa    #FT240_NOSTB    ; RD# = 1
(1)   25/    F002 : B7 02 0C                staa    PIA_PCR
(1)   26/    F005 : B6 02 00                ldaa    PIA_PORTB       ; WR = 0, don't touch the other bits
(1)   27/    F008 : 84 FE                   anda    #~FT240_WRMSK
(1)   28/    F00A : B7 02 00                staa    PIA_PORTB
(1)   29/    F00D : 86 00                   ldaa    #PIA_IN         ; data port input, its only output when writing to FT240
(1)   30/    F00F : B7 02 03                staa    PIA_DDRA
(1)   31/    F012 : B6 02 02                ldaa    PIA_DDRB        ; control ports bits for FT240, don't touch other bits
(1)   32/    F015 : 8A 21                   oraa    #(FT240_WRMSK | FT240_SIWU) & $FF   ; Ouptut pins
(1)   33/    F017 : 84 3F                   anda    #(~(FT240_RXF | FT240_TXE)) & $FF   ; Input pins
(1)   34/    F019 : B7 02 02                staa    PIA_DDRB
(1)   35/    F01C :                     
(1)   36/    F01C :                     FT240_Flush:
(1)   37/    F01C : B6 02 00                ldaa    PIA_PORTB       ; Test RXF# (bit-7)
(1)   38/    F01F : 2B 0D                   bmi     $$NoChar        ; Branch when RXF# is set, no data in FIFO
(1)   39/    F021 : C6 0C                   ldab    #FT240_RDSTB    ; FT240 RD# = 0; strobe next byte from FIFO
(1)   40/    F023 : F7 02 0C                stab    PIA_PCR
(1)   41/    F026 : 01                      nop
(1)   42/    F027 : C6 0E                   ldab    #FT240_NOSTB    ; FT240 RD# = 1
(1)   43/    F029 : F7 02 0C                stab    PIA_PCR
(1)   44/    F02C : 20 EE                   bra     FT240_Flush
(1)   45/    F02E :                     $$NoChar:
(1)   46/    F02E : 39                      rts
(1)   47/    F02F :                     
(1)   48/    F02F :                     ; Output the value in the accA to the console    
(1)   49/    F02F :                     PutChar:
(1)   50/    F02F : 36                      psha
(1)   51/    F030 :                     $$PutWait:
(1)   52/    F030 : B6 02 00                ldaa    PIA_PORTB       ; Test TXE (bit-6)
(1)   53/    F033 : 85 40                   bita    #FT240_TXE
(1)   54/    F035 : 26 F9                   bne     $$PutWait       ; When set the FIFO is full, keep polling until there is room
(1)   55/    F037 : 32                      pula
(1)   56/    F038 : B7 02 01                staa    PIA_PORTA       ; Write data to port
(1)   57/    F03B : 86 FF                   ldaa    #PIA_OUT        ; Set data port direction to output
 AS V1.42 Beta [Bld 223] - Source File main.asm(uart.asm) - Page 2 - 12/12/2022 0:2:22


(1)   58/    F03D : B7 02 03                staa    PIA_DDRA
(1)   59/    F040 : B6 02 00                ldaa    PIA_PORTB       ; FT240 WR = 1 (don't touch other bits)
(1)   60/    F043 : 8A 01                   oraa    #FT240_WRMSK
(1)   61/    F045 : B7 02 00                staa    PIA_PORTB
(1)   62/    F048 : 84 FE                   anda    #~FT240_WRMSK   ; FT240 WR = 0
(1)   63/    F04A : B7 02 00                staa    PIA_PORTB
(1)   64/    F04D : 86 00                   ldaa    #PIA_IN         ; Set data port direction to input
(1)   65/    F04F : B7 02 03                staa    PIA_DDRA
(1)   66/    F052 : 39                      rts
(1)   67/    F053 :                     
(1)   68/    F053 :                     ; Read a character from the console in the accA, C == 1 indicates a character was read
(1)   69/    F053 :                     GetChar:
(1)   70/    F053 : B6 02 00                ldaa    PIA_PORTB       ; Test RXF# (bit-7)
(1)   71/    F056 : 2B 0F                   bmi     $$NoChar        ; Branch when RXF# is set, no data in FIFO
(1)   72/    F058 : C6 0C                   ldab    #FT240_RDSTB    ; FT240 RD# = 0; strobe next byte from FIFO
(1)   73/    F05A : F7 02 0C                stab    PIA_PCR
(1)   74/    F05D : B6 02 01                ldaa    PIA_PORTA       ; Read data byte from FT240 (assumes DDR in input)
(1)   75/    F060 : C6 0E                   ldab    #FT240_NOSTB    ; FT240 RD# = 1
(1)   76/    F062 : F7 02 0C                stab    PIA_PCR
(1)   77/    F065 : 0D                      sec                     ; Set carry to indicate we read a data byte
(1)   78/    F066 : 39                      rts
(1)   79/    F067 :                     $$NoChar:
(1)   80/    F067 : 0C                      clc                     ; Clear carry to indicate there was nothing to read
(1)   81/    F068 : 39                      rts
       4/    F069 :                         include "LED.asm"
(1)    1/    F069 :                         CPU     6800
(1)    2/    F069 :                         
(1)    3/    F069 :                     ; PIA already defined in uart.asm
(1)    4/    F069 :                     
(1)    5/    F069 : =$4                  LED_RED     EQU     $04
(1)    6/    F069 : =$8                  LED_GREEN   EQU     $08
(1)    7/    F069 : =$2                  LED_BLUE    EQU     $02
(1)    8/    F069 :                     
(1)    9/    F069 :                     ledon   macro   name,bitName,{GLOBALSYMBOLS}
(1)   10/    F069 :                     LED_name_On:
(1)   11/    F069 :                         psha
(1)   12/    F069 :                         ldaa    PIA_PORTB
(1)   13/    F069 :                         oraa    #bitName
(1)   14/    F069 :                         staa    PIA_PORTB
(1)   15/    F069 :                         pula
(1)   16/    F069 :                         rts
(1)   17/    F069 :                         endm
(1)   18/    F069 :                         
(1)   19/    F069 :                     ledoff   macro   name,bitName,{GLOBALSYMBOLS}
(1)   20/    F069 :                     LED_name_Off:
(1)   21/    F069 :                         psha
(1)   22/    F069 :                         ldaa    PIA_PORTB
(1)   23/    F069 :                         anda    #(~bitName) & 255
(1)   24/    F069 :                         staa     PIA_PORTB
(1)   25/    F069 :                         pula
(1)   26/    F069 :                         rts
(1)   27/    F069 :                         endm
(1)   28/    F069 :                     
(1)   29/    F069 :                     ledtoggle   macro   name,bitName,{GLOBALSYMBOLS}
(1)   30/    F069 :                     LED_name_Toggle:
(1)   31/    F069 :                         psha
(1)   32/    F069 :                         ldaa    PIA_PORTB
(1)   33/    F069 :                         eora    #bitName
(1)   34/    F069 :                         staa    PIA_PORTB
(1)   35/    F069 :                         pula
 AS V1.42 Beta [Bld 223] - Source File main.asm(LED.asm) - Page 3 - 12/12/2022 0:2:22


(1)   36/    F069 :                         rts
(1)   37/    F069 :                         endm
(1)   38/    F069 :                     
(1)   39/    F069 :                     LED_init:
(1)   40/    F069 : B6 02 00                ldaa    PIA_PORTB
(1)   41/    F06C : 84 F1                   anda    #(~(LED_RED | LED_GREEN | LED_BLUE)) & 255
(1)   42/    F06E : B7 02 00                staa    PIA_PORTB
(1)   43/    F071 : B6 02 02                ldaa    PIA_DDRB
(1)   44/    F074 : 8A 0E                   oraa    #(LED_RED | LED_GREEN | LED_BLUE) & 255
(1)   45/    F076 : B7 02 02                staa    PIA_DDRB
(1)   46/    F079 : 39                      rts
(1)   47/    F07A :                     
(1)   48/    F07A : (MACRO)                  ledon       Red,LED_RED
(1)   48/    F07A :                     LED_RED_On:
(1)   48/    F07A : 36                      psha
(1)   48/    F07B : B6 02 00                ldaa    PIA_PORTB
(1)   48/    F07E : 8A 04                   oraa    #LED_RED
(1)   48/    F080 : B7 02 00                staa    PIA_PORTB
(1)   48/    F083 : 32                      pula
(1)   48/    F084 : 39                      rts
(1)   49/    F085 : (MACRO)                  ledoff      Red,LED_RED
(1)   49/    F085 :                     LED_RED_Off:
(1)   49/    F085 : 36                      psha
(1)   49/    F086 : B6 02 00                ldaa    PIA_PORTB
(1)   49/    F089 : 84 FB                   anda    #(~LED_RED) & 255
(1)   49/    F08B : B7 02 00                staa     PIA_PORTB
(1)   49/    F08E : 32                      pula
(1)   49/    F08F : 39                      rts
(1)   50/    F090 : (MACRO)                  ledtoggle   Red,LED_RED
(1)   50/    F090 :                     LED_RED_Toggle:
(1)   50/    F090 : 36                      psha
(1)   50/    F091 : B6 02 00                ldaa    PIA_PORTB
(1)   50/    F094 : 88 04                   eora    #LED_RED
(1)   50/    F096 : B7 02 00                staa    PIA_PORTB
(1)   50/    F099 : 32                      pula
(1)   50/    F09A : 39                      rts
(1)   51/    F09B :                         
(1)   52/    F09B : (MACRO)                  ledon       Green,LED_GREEN
(1)   52/    F09B :                     LED_GREEN_On:
(1)   52/    F09B : 36                      psha
(1)   52/    F09C : B6 02 00                ldaa    PIA_PORTB
(1)   52/    F09F : 8A 08                   oraa    #LED_GREEN
(1)   52/    F0A1 : B7 02 00                staa    PIA_PORTB
(1)   52/    F0A4 : 32                      pula
(1)   52/    F0A5 : 39                      rts
(1)   53/    F0A6 : (MACRO)                  ledoff      Green,LED_GREEN
(1)   53/    F0A6 :                     LED_GREEN_Off:
(1)   53/    F0A6 : 36                      psha
(1)   53/    F0A7 : B6 02 00                ldaa    PIA_PORTB
(1)   53/    F0AA : 84 F7                   anda    #(~LED_GREEN) & 255
(1)   53/    F0AC : B7 02 00                staa     PIA_PORTB
(1)   53/    F0AF : 32                      pula
(1)   53/    F0B0 : 39                      rts
(1)   54/    F0B1 : (MACRO)                  ledtoggle   Green,LED_GREEN
(1)   54/    F0B1 :                     LED_GREEN_Toggle:
(1)   54/    F0B1 : 36                      psha
(1)   54/    F0B2 : B6 02 00                ldaa    PIA_PORTB
(1)   54/    F0B5 : 88 08                   eora    #LED_GREEN
(1)   54/    F0B7 : B7 02 00                staa    PIA_PORTB
(1)   54/    F0BA : 32                      pula
 AS V1.42 Beta [Bld 223] - Source File main.asm(LED.asm) - Page 4 - 12/12/2022 0:2:22


(1)   54/    F0BB : 39                      rts
(1)   55/    F0BC :                     
(1)   56/    F0BC : (MACRO)                  ledon       Blue,LED_BLUE
(1)   56/    F0BC :                     LED_BLUE_On:
(1)   56/    F0BC : 36                      psha
(1)   56/    F0BD : B6 02 00                ldaa    PIA_PORTB
(1)   56/    F0C0 : 8A 02                   oraa    #LED_BLUE
(1)   56/    F0C2 : B7 02 00                staa    PIA_PORTB
(1)   56/    F0C5 : 32                      pula
(1)   56/    F0C6 : 39                      rts
(1)   57/    F0C7 : (MACRO)                  ledoff      Blue,LED_BLUE
(1)   57/    F0C7 :                     LED_BLUE_Off:
(1)   57/    F0C7 : 36                      psha
(1)   57/    F0C8 : B6 02 00                ldaa    PIA_PORTB
(1)   57/    F0CB : 84 FD                   anda    #(~LED_BLUE) & 255
(1)   57/    F0CD : B7 02 00                staa     PIA_PORTB
(1)   57/    F0D0 : 32                      pula
(1)   57/    F0D1 : 39                      rts
(1)   58/    F0D2 : (MACRO)                  ledtoggle   Blue,LED_BLUE  
(1)   58/    F0D2 :                     LED_BLUE_Toggle:
(1)   58/    F0D2 : 36                      psha
(1)   58/    F0D3 : B6 02 00                ldaa    PIA_PORTB
(1)   58/    F0D6 : 88 02                   eora    #LED_BLUE
(1)   58/    F0D8 : B7 02 00                staa    PIA_PORTB
(1)   58/    F0DB : 32                      pula
(1)   58/    F0DC : 39                      rts
       5/    F0DD :                         include "mon.asm"
(1)    1/    F0DD :                         CPU     6800
(1)    2/    F0DD :                     
(1)    3/    F0DD :                     ; Simple monitor:
(1)    4/    F0DD :                     ; Prompt messsage is:
(1)    5/    F0DD :                     ; 
(1)    6/    F0DD :                     ; aaaa bb>
(1)    7/    F0DD :                     ; 
(1)    8/    F0DD :                     ; Where aaaa is the current addess and bb is the current value at that address.
(1)    9/    F0DD :                     ;
(1)   10/    F0DD :                     ; Commands:
(1)   11/    F0DD :                     ; ?     Show the info message
(1)   12/    F0DD :                     ; =     Re-read the current address
(1)   13/    F0DD :                     ; <lf>  Write to current address and increment address
(1)   14/    F0DD :                     ; +     Increment current address
(1)   15/    F0DD :                     ; -     Decrement current address
(1)   16/    F0DD :                     ; g     Go to current address
(1)   17/    F0DD :                     ; <sp>  Set current address   
(1)   18/    F0DD :                     
(1)   19/    F0DD :                     ; Zero page address
(1)   20/    F0DD : =$0                  addrH       EQU     $00
(1)   21/    F0DD : =$1                  addrL       EQU     $01
(1)   22/    F0DD : =$2                  userH       EQU     $02
(1)   23/    F0DD : =$3                  userL       EQU     $03
(1)   24/    F0DD : =$4                  ptrH        EQU     $04
(1)   25/    F0DD : =$5                  ptrL        EQU     $05
(1)   26/    F0DD :                     
(1)   27/    F0DD :                     reset:
(1)   28/    F0DD : 8E 01 FF                lds     #$01FF
(1)   29/    F0E0 : BD F0 00                jsr     FT240_init
(1)   30/    F0E3 : BD F0 69                jsr     LED_init
(1)   31/    F0E6 :                     
(1)   32/    F0E6 :                     InitMon:
(1)   33/    F0E6 : 86 00                   ldaa    #$00            ; Clear monitor state
 AS V1.42 Beta [Bld 223] - Source File main.asm(mon.asm) - Page 5 - 12/12/2022 0:2:22


(1)   34/    F0E8 : 97 01                   staa    addrL           
(1)   35/    F0EA : 97 00                   staa    addrH
(1)   36/    F0EC : 97 03                   staa    userL
(1)   37/    F0EE : 97 02                   staa    userH
(1)   38/    F0F0 :                         
(1)   39/    F0F0 :                     InfoCmd:
(1)   40/    F0F0 : CE F1 D5                ldx     #InfoStr
(1)   41/    F0F3 :                     $$loop
(1)   42/    F0F3 : A6 00                   ldaa    0,x             ; get a char from the info string
(1)   43/    F0F5 : 27 06                   beq     Prompt          ; End of string= exit
(1)   44/    F0F7 : BD F0 2F                jsr     PutChar         ; not end end of string, output char
(1)   45/    F0FA : 08                      inx                     ; Point to next char in string
(1)   46/    F0FB : 20 F6                   bra     $$loop
(1)   47/    F0FD :                     
(1)   48/    F0FD :                     Prompt:
(1)   49/    F0FD : 8D 86                   bsr     LED_RED_Off
(1)   50/    F0FF : 86 0A                   ldaa    #$0a            ; Show Prompt
(1)   51/    F101 : BD F0 2F                jsr     PutChar
(1)   52/    F104 : 96 00                   ldaa    addrH           ; Show high address
(1)   53/    F106 : BD F1 9E                jsr     PutHex
(1)   54/    F109 : 96 01                   ldaa    addrL           ; Show low address
(1)   55/    F10B : BD F1 9E                jsr     PutHex
(1)   56/    F10E : 86 20                   ldaa    #' '            ; Space to seperate address and data
(1)   57/    F110 : BD F0 2F                jsr     PutChar
(1)   58/    F113 : DE 00                   ldx     addrH           ; Show data at address
(1)   59/    F115 : A6 00                   ldaa    0,x             
(1)   60/    F117 : BD F1 9E                jsr     PutHex
(1)   61/    F11A : 86 3E                   ldaa    #'>'            ; Show Prompt
(1)   62/    F11C : BD F0 2F                jsr     PutChar
(1)   63/    F11F :                      NextChar:   
(1)   64/    F11F : BD F0 53                jsr     GetChar         ; get char from user
(1)   65/    F122 : 24 FB                   bcc     NextChar        ; Got a char? Keep polling until we get a char
(1)   66/    F124 : BD F0 7A                jsr     LED_RED_On
(1)   67/    F127 : 16                      tab
(1)   68/    F128 : BD F0 2F                jsr     PutChar         ; Should we echo the character?????
(1)   69/    F12B : 17                      tba
(1)   70/    F12C : 81 3F                   cmpa    #'?'            ; Show info?
(1)   71/    F12E : 27 C0                   beq     InfoCmd
(1)   72/    F130 : 81 3D                   cmpa    #'='            ; re-read address?
(1)   73/    F132 : 27 C9                   beq     Prompt
(1)   74/    F134 : 81 0A                   cmpa    #$0a            ; Write data byte?
(1)   75/    F136 : 26 08                   bne     NotWrite
(1)   76/    F138 : 96 03                   ldaa    userL           ; Get the last 8-bit value entered
(1)   77/    F13A : DE 00                   ldx     addrH
(1)   78/    F13C : A7 00                   staa    0,x             ; Store at the current address
(1)   79/    F13E : 20 04                   bra     DoInc           ; Increment the current address
(1)   80/    F140 :                     
(1)   81/    F140 :                     NotWrite:
(1)   82/    F140 : 81 2B                   cmpa    #'+'            ; Incement address?
(1)   83/    F142 : 26 07                   bne     NotInc
(1)   84/    F144 :                     DoInc:
(1)   85/    F144 : DE 00                   ldx     addrH
(1)   86/    F146 : 08                      inx          
(1)   87/    F147 : DF 00                   stx     addrH
(1)   88/    F149 : 20 B2                   bra     Prompt
(1)   89/    F14B :                     
(1)   90/    F14B :                     NotInc:
(1)   91/    F14B : 81 2D                   cmpa    #'-'            ; Decrement address?
(1)   92/    F14D : 26 07                   bne     NotDec
(1)   93/    F14F : DE 00                   ldx     addrH
 AS V1.42 Beta [Bld 223] - Source File main.asm(mon.asm) - Page 6 - 12/12/2022 0:2:22


(1)   94/    F151 : 09                      dex
(1)   95/    F152 : DF 00                   stx     addrH
(1)   96/    F154 : 20 A7                   bra     Prompt
(1)   97/    F156 :                     
(1)   98/    F156 :                     NotDec:
(1)   99/    F156 : 81 67                   cmpa    #'g'            ; go to address?
(1)  100/    F158 : 26 0A                   bne     NotGo
(1)  101/    F15A : 86 DD                   lda     #(reset)&$FF    ; push the return address onto the stack
(1)  102/    F15C : 36                      psha
(1)  103/    F15D : 86 F0                   lda     #(reset)>>8
(1)  104/    F15F : 36                      psha
(1)  105/    F160 : DE 00                   ldx     addrH
(1)  106/    F162 : 6E 00                   jmp     0,x
(1)  107/    F164 :                     
(1)  108/    F164 :                     NotGo:
(1)  109/    F164 : 81 20                   cmpa    #' '            ; set current address?
(1)  110/    F166 : 26 0C                   bne     NotAddr
(1)  111/    F168 : DE 02                   ldx     userH           ; move the user value to the current address
(1)  112/    F16A : DF 00                   stx     addrH
(1)  113/    F16C : 86 00                   ldaa    #$00            ; clear user value
(1)  114/    F16E : 97 03                   staa    userL
(1)  115/    F170 : 97 02                   staa    userH
(1)  116/    F172 : 20 89                   bra     Prompt          ; Continue with the new address 
(1)  117/    F174 :                     
(1)  118/    F174 :                     NotAddr:
(1)  119/    F174 :                     ParseHex:
(1)  120/    F174 :                         ; Process hex digit in accA [0..9][A..F][a..f]
(1)  121/    F174 : 8A 20                   oraa    #$20            ; Force to lower
(1)  122/    F176 : C6 0F                   ldab    #$0F
(1)  123/    F178 : CE F1 D4                ldx     #(HexChars+15); initialize point to valid hex chars
(1)  124/    F17B :                     ParseLoop:
(1)  125/    F17B : A1 00                   cmpa    0,x             ; Is it this digit?
(1)  126/    F17D : 27 07                   beq     GotHex          ; Yes, process the nibble value
(1)  127/    F17F : 09                      dex                     ; No, advance pointer
(1)  128/    F180 : 5A                      decb
(1)  129/    F181 : 2A F8                   bpl     ParseLoop       ; Keep checking until index underflows
(1)  130/    F183 : 7E F0 FD                jmp     Prompt          ; Index underflowed, not a hex digit- abort
(1)  131/    F186 :                     GotHex:
(1)  132/    F186 : 37                      pshb                    ; save value for later
(1)  133/    F187 : 96 03                   ldaa    userL           ; Shift the user value to the left by 4 bits
(1)  134/    F189 : D6 02                   ldab    userH
(1)  135/    F18B : 48                      asla
(1)  136/    F18C : 59                      rolb
(1)  137/    F18D : 48                      asla
(1)  138/    F18E : 59                      rolb
(1)  139/    F18F : 48                      asla
(1)  140/    F190 : 59                      rolb
(1)  141/    F191 : 48                      asla
(1)  142/    F192 : 59                      rolb
(1)  143/    F193 : 97 03                   staa    userL
(1)  144/    F195 : D7 02                   stab    userH
(1)  145/    F197 : 32                      pula                    ; get the value back
(1)  146/    F198 : 9A 03                   oraa    userL           ; Insert the nibble into the user value
(1)  147/    F19A : 97 03                   staa    userL
(1)  148/    F19C : 20 81                   bra     NextChar        ; Done, get next char    
(1)  149/    F19E :                         
(1)  150/    F19E :                     ; Output the value in accA to the console as two hex bytes
(1)  151/    F19E :                     PutHex:
(1)  152/    F19E : 16                      tab                         ; save value
(1)  153/    F19F : 44                      lsra                        ; move high nibble to low
 AS V1.42 Beta [Bld 223] - Source File main.asm(mon.asm) - Page 7 - 12/12/2022 0:2:22


(1)  154/    F1A0 : 44                      lsra
(1)  155/    F1A1 : 44                      lsra
(1)  156/    F1A2 : 44                      lsra
(1)  157/    F1A3 : CE F1 C5                ldx     #HexChars           ; lookup hex char for nibble
(1)  158/    F1A6 : DF 04                   stx     ptrH
(1)  159/    F1A8 : 9B 05                   adda    ptrL                ; add in offset (assumes indexing within same page)
(1)  160/    F1AA : 97 05                   staa    ptrL
(1)  161/    F1AC : DE 04                   ldx     ptrH
(1)  162/    F1AE : A6 00                   ldaa    0,x
(1)  163/    F1B0 : BD F0 2F                jsr     PutChar             ; output hex char for nibble
(1)  164/    F1B3 : C4 0F                   andb    #$0f                ; mask high nibble away
(1)  165/    F1B5 : CE F1 C5                ldx     #HexChars           ; lookup hex char for nibble
(1)  166/    F1B8 : DF 04                   stx     ptrH
(1)  167/    F1BA : DB 05                   addb    ptrL
(1)  168/    F1BC : D7 05                   stab    ptrL
(1)  169/    F1BE : DE 04                   ldx     ptrH
(1)  170/    F1C0 : A6 00                   ldaa    0,x
(1)  171/    F1C2 : 7E F0 2F                jmp     PutChar             ; output hex char for nibble
(1)  172/    F1C5 :                     
(1)  173/    F1C5 :                     HexChars:
(1)  174/    F1C5 : 30 31 32 33 34 35       FCB     "0123456789abcdef"
             F1CB : 36 37 38 39 61 62 
             F1D1 : 63 64 65 66       
(1)  175/    F1D5 :                         
(1)  176/    F1D5 :                     InfoStr:
(1)  177/    F1D5 : 0A 4D 69 6E 69 4D       FCB     10,"MiniMon,0.1,6802,0",10,0
             F1DB : 6F 6E 2C 30 2E 31 
             F1E1 : 2C 36 38 30 32 2C 
             F1E7 : 30 0A 00          
(1)  178/    F1EA :                        
(1)  179/    F1EA :                     irq:
(1)  180/    F1EA : 20 FE                   bra     irq
(1)  181/    F1EC :                     
(1)  182/    F1EC :                     swi: 
(1)  183/    F1EC : 20 FE                   bra     swi
(1)  184/    F1EE :                         
(1)  185/    F1EE :                     nmi:
(1)  186/    F1EE : 20 FE                   bra     nmi
(1)  187/    F1F0 :                     
(1)  188/    F1F0 :                     
       6/    F1F0 :                         include "vec.asm"
(1)    1/    F1F0 :                         CPU     6800
(1)    2/    F1F0 :                     
(1)    3/    F1F0 :                     ; Vector table
(1)    4/    FFF8 :                         ORG     $FFF8
(1)    5/    FFF8 : F1 EA                   ADR     irq
(1)    6/    FFFA : F1 EC                   ADR     swi
(1)    7/    FFFC : F1 EE                   ADR     nmi
(1)    8/    FFFE : F0 DD                   ADR     reset
(1)    9/   10000 :                     
       7/   10000 :                     
 AS V1.42 Beta [Bld 223] - Source File main.asm - Page 8 - 12/12/2022 0:2:22


  Symbol Table (* = unused):
  --------------------------

 ADDRH :                          0 - |  ADDRL :                          1 - |
*ARCHITECTURE :                                        "i386-unknown-win32" - |
*CASESENSITIVE :                  0 - | *COMPMODE :                       0 - |
*CONSTPI :        3.141592653589793 - | *DATE :                "12/12/2022" - |
 DOINC :                       F144 C | *FALSE :                          0 - |
 FT240_FLUSH :                 F01C C |  FT240_INIT :                  F000 C |
 FT240_NOSTB :                    E - |  FT240_RDSTB :                    C - |
 FT240_RXF :                     80 - |  FT240_SIWU :                    20 - |
 FT240_TXE :                     40 - |  FT240_WRMSK :                    1 - |
*FULLPMMU :                       1 - |  GETCHAR :                     F053 C |
 GOTHEX :                      F186 C | *HAS64 :                          0 - |
*HASFPU :                         0 - | *HASPMMU :                        0 - |
 HEXCHARS :                    F1C5 C |  INFOCMD :                     F0F0 C |
 INFOSTR :                     F1D5 C | *INITMON :                     F0E6 C |
*INSUPMODE :                      0 - |  IRQ :                         F1EA C |
 LED_BLUE :                       2 - | *LED_BLUE_OFF :                F0C7 C |
*LED_BLUE_ON :                 F0BC C | *LED_BLUE_TOGGLE :             F0D2 C |
 LED_GREEN :                      8 - | *LED_GREEN_OFF :               F0A6 C |
*LED_GREEN_ON :                F09B C | *LED_GREEN_TOGGLE :            F0B1 C |
 LED_INIT :                    F069 C |  LED_RED :                        4 - |
 LED_RED_OFF :                 F085 C |  LED_RED_ON :                  F07A C |
*LED_RED_TOGGLE :              F090 C | *LISTON :                         1 - |
 LOOP50 :                      F0F3 C | *MACEXP :                         7 - |
*MOMCPU :                      6800 - | *MOMCPUNAME :                "6800" - |
*NESTMAX :                      100 - |  NEXTCHAR :                    F11F C |
 NMI :                         F1EE C |  NOCHAR20 :                    F02E C |
 NOCHAR22 :                    F067 C |  NOTADDR :                     F174 C |
 NOTDEC :                      F156 C |  NOTGO :                       F164 C |
 NOTINC :                      F14B C |  NOTWRITE :                    F140 C |
*PADDING :                        0 - | *PARSEHEX :                    F174 C |
 PARSELOOP :                   F17B C | *PIA_ACR :                      20B - |
 PIA_BASE :                     200 - |  PIA_DDRA :                     203 - |
 PIA_DDRB :                     202 - |  PIA_IN :                         0 - |
 PIA_OUT :                       FF - |  PIA_PCR :                      20C - |
 PIA_PORTA :                    201 - |  PIA_PORTB :                    200 - |
 PROMPT :                      F0FD C |  PTRH :                           4 - |
 PTRL :                           5 - |  PUTCHAR :                     F02F C |
 PUTHEX :                      F19E C |  PUTWAIT21 :                   F030 C |
*RELAXED :                        0 - |  RESET :                       F0DD C |
 SWI :                         F1EC C | *TIME :                    "0:2:22" - |
*TRUE :                           1 - |  USERH :                          2 - |
 USERL :                          3 - | *VERSION :                     142F - |

     83 symbols
     31 unused symbols

 AS V1.42 Beta [Bld 223] - Source File main.asm - Page 9 - 12/12/2022 0:2:22


  Defined Macros:
  ---------------

LEDOFF                                | LEDON                                
LEDTOGGLE                             |

      3 macros

 AS V1.42 Beta [Bld 223] - Source File main.asm - Page 10 - 12/12/2022 0:2:22


  Code Pages:
  ----------

STANDARD (0 changed characters)

1 code page
 AS V1.42 Beta [Bld 223] - Source File main.asm - Page 11 - 12/12/2022 0:2:22



  Cross Reference List:
  ---------------------

symbol ADDRH (=0, Z:\prj\homebrew\software\mon\6802\mon.asm:20):
 file Z:\prj\homebrew\software\mon\6802\mon.asm :
     35       52       58       77       85       87       93       95    
    105      112    

symbol ADDRL (=1, Z:\prj\homebrew\software\mon\6802\mon.asm:21):
 file Z:\prj\homebrew\software\mon\6802\mon.asm :
     34       54    

symbol DOINC (=F144, Z:\prj\homebrew\software\mon\6802\mon.asm:84):
 file Z:\prj\homebrew\software\mon\6802\mon.asm :
     79    

symbol FT240_FLUSH (=F01C, Z:\prj\homebrew\software\mon\6802\uart.asm:36):
 file Z:\prj\homebrew\software\mon\6802\uart.asm :
     44    

symbol FT240_INIT (=F000, Z:\prj\homebrew\software\mon\6802\uart.asm:23):
 file Z:\prj\homebrew\software\mon\6802\mon.asm :
     29    

symbol FT240_NOSTB (=E, Z:\prj\homebrew\software\mon\6802\uart.asm:16):
 file Z:\prj\homebrew\software\mon\6802\uart.asm :
     24       42       75    

symbol FT240_RDSTB (=C, Z:\prj\homebrew\software\mon\6802\uart.asm:17):
 file Z:\prj\homebrew\software\mon\6802\uart.asm :
     39       72    

symbol FT240_RXF (=80, Z:\prj\homebrew\software\mon\6802\uart.asm:19):
 file Z:\prj\homebrew\software\mon\6802\uart.asm :
     33    

symbol FT240_SIWU (=20, Z:\prj\homebrew\software\mon\6802\uart.asm:15):
 file Z:\prj\homebrew\software\mon\6802\uart.asm :
     32    

symbol FT240_TXE (=40, Z:\prj\homebrew\software\mon\6802\uart.asm:18):
 file Z:\prj\homebrew\software\mon\6802\uart.asm :
     33       53    

symbol FT240_WRMSK (=1, Z:\prj\homebrew\software\mon\6802\uart.asm:14):
 file Z:\prj\homebrew\software\mon\6802\uart.asm :
     27       32       60       62    

symbol GETCHAR (=F053, Z:\prj\homebrew\software\mon\6802\uart.asm:69):
 file Z:\prj\homebrew\software\mon\6802\mon.asm :
     64    

symbol GOTHEX (=F186, Z:\prj\homebrew\software\mon\6802\mon.asm:131):
 file Z:\prj\homebrew\software\mon\6802\mon.asm :
    126    

symbol HEXCHARS (=F1C5, Z:\prj\homebrew\software\mon\6802\mon.asm:173):
 file Z:\prj\homebrew\software\mon\6802\mon.asm :
    123      157      165    
 AS V1.42 Beta [Bld 223] - Source File main.asm - Page 12 - 12/12/2022 0:2:22



symbol INFOCMD (=F0F0, Z:\prj\homebrew\software\mon\6802\mon.asm:39):
 file Z:\prj\homebrew\software\mon\6802\mon.asm :
     71    

symbol INFOSTR (=F1D5, Z:\prj\homebrew\software\mon\6802\mon.asm:176):
 file Z:\prj\homebrew\software\mon\6802\mon.asm :
     40    

symbol IRQ (=F1EA, Z:\prj\homebrew\software\mon\6802\mon.asm:179):
 file Z:\prj\homebrew\software\mon\6802\mon.asm :
    180    
 file Z:\prj\homebrew\software\mon\6802\vec.asm :
      5    

symbol LED_BLUE (=2, Z:\prj\homebrew\software\mon\6802\LED.asm:7):
 file Z:\prj\homebrew\software\mon\6802\LED.asm :
     41       44       56       57       58    

symbol LED_GREEN (=8, Z:\prj\homebrew\software\mon\6802\LED.asm:6):
 file Z:\prj\homebrew\software\mon\6802\LED.asm :
     41       44       52       53       54    

symbol LED_INIT (=F069, Z:\prj\homebrew\software\mon\6802\LED.asm:39):
 file Z:\prj\homebrew\software\mon\6802\mon.asm :
     30    

symbol LED_RED (=4, Z:\prj\homebrew\software\mon\6802\LED.asm:5):
 file Z:\prj\homebrew\software\mon\6802\LED.asm :
     41       44       48       49       50    

symbol LED_RED_OFF (=F085, Z:\prj\homebrew\software\mon\6802\LED.asm:49):
 file Z:\prj\homebrew\software\mon\6802\mon.asm :
     49    

symbol LED_RED_ON (=F07A, Z:\prj\homebrew\software\mon\6802\LED.asm:48):
 file Z:\prj\homebrew\software\mon\6802\mon.asm :
     66    

symbol LOOP50 (=F0F3, Z:\prj\homebrew\software\mon\6802\mon.asm:41):
 file Z:\prj\homebrew\software\mon\6802\mon.asm :
     46    

symbol NEXTCHAR (=F11F, Z:\prj\homebrew\software\mon\6802\mon.asm:63):
 file Z:\prj\homebrew\software\mon\6802\mon.asm :
     65      148    

symbol NMI (=F1EE, Z:\prj\homebrew\software\mon\6802\mon.asm:185):
 file Z:\prj\homebrew\software\mon\6802\mon.asm :
    186    
 file Z:\prj\homebrew\software\mon\6802\vec.asm :
      7    

symbol NOCHAR20 (=F02E, Z:\prj\homebrew\software\mon\6802\uart.asm:45):
 file Z:\prj\homebrew\software\mon\6802\uart.asm :
     38    

symbol NOCHAR22 (=F067, Z:\prj\homebrew\software\mon\6802\uart.asm:79):
 file Z:\prj\homebrew\software\mon\6802\uart.asm :
     71    
 AS V1.42 Beta [Bld 223] - Source File main.asm - Page 13 - 12/12/2022 0:2:22



symbol NOTADDR (=F174, Z:\prj\homebrew\software\mon\6802\mon.asm:118):
 file Z:\prj\homebrew\software\mon\6802\mon.asm :
    110    

symbol NOTDEC (=F156, Z:\prj\homebrew\software\mon\6802\mon.asm:98):
 file Z:\prj\homebrew\software\mon\6802\mon.asm :
     92    

symbol NOTGO (=F164, Z:\prj\homebrew\software\mon\6802\mon.asm:108):
 file Z:\prj\homebrew\software\mon\6802\mon.asm :
    100    

symbol NOTINC (=F14B, Z:\prj\homebrew\software\mon\6802\mon.asm:90):
 file Z:\prj\homebrew\software\mon\6802\mon.asm :
     83    

symbol NOTWRITE (=F140, Z:\prj\homebrew\software\mon\6802\mon.asm:81):
 file Z:\prj\homebrew\software\mon\6802\mon.asm :
     75    

symbol PARSELOOP (=F17B, Z:\prj\homebrew\software\mon\6802\mon.asm:124):
 file Z:\prj\homebrew\software\mon\6802\mon.asm :
    129    

symbol PIA_BASE (=200, Z:\prj\homebrew\software\mon\6802\uart.asm:3):
 file Z:\prj\homebrew\software\mon\6802\uart.asm :
      4        5        6        7        8        9    

symbol PIA_DDRA (=203, Z:\prj\homebrew\software\mon\6802\uart.asm:7):
 file Z:\prj\homebrew\software\mon\6802\uart.asm :
     30       58       65    

symbol PIA_DDRB (=202, Z:\prj\homebrew\software\mon\6802\uart.asm:6):
 file Z:\prj\homebrew\software\mon\6802\uart.asm :
     31       34    
 file Z:\prj\homebrew\software\mon\6802\LED.asm :
     43       45    

symbol PIA_IN (=0, Z:\prj\homebrew\software\mon\6802\uart.asm:11):
 file Z:\prj\homebrew\software\mon\6802\uart.asm :
     29       64    

symbol PIA_OUT (=FF, Z:\prj\homebrew\software\mon\6802\uart.asm:12):
 file Z:\prj\homebrew\software\mon\6802\uart.asm :
     57    

symbol PIA_PCR (=20C, Z:\prj\homebrew\software\mon\6802\uart.asm:9):
 file Z:\prj\homebrew\software\mon\6802\uart.asm :
     25       40       43       73       76    

symbol PIA_PORTA (=201, Z:\prj\homebrew\software\mon\6802\uart.asm:5):
 file Z:\prj\homebrew\software\mon\6802\uart.asm :
     56       74    

symbol PIA_PORTB (=200, Z:\prj\homebrew\software\mon\6802\uart.asm:4):
 file Z:\prj\homebrew\software\mon\6802\uart.asm :
     26       28       37       52       59       61       63       70    
 file Z:\prj\homebrew\software\mon\6802\LED.asm :
     40       42       48( 2)   49( 2)   50( 2)   52( 2)   53( 2)   54( 2)
 AS V1.42 Beta [Bld 223] - Source File main.asm - Page 14 - 12/12/2022 0:2:22


     56( 2)   57( 2)   58( 2)

symbol PROMPT (=F0FD, Z:\prj\homebrew\software\mon\6802\mon.asm:48):
 file Z:\prj\homebrew\software\mon\6802\mon.asm :
     43       73       88       96      116      130    

symbol PTRH (=4, Z:\prj\homebrew\software\mon\6802\mon.asm:24):
 file Z:\prj\homebrew\software\mon\6802\mon.asm :
    158      161      166      169    

symbol PTRL (=5, Z:\prj\homebrew\software\mon\6802\mon.asm:25):
 file Z:\prj\homebrew\software\mon\6802\mon.asm :
    159      160      167      168    

symbol PUTCHAR (=F02F, Z:\prj\homebrew\software\mon\6802\uart.asm:49):
 file Z:\prj\homebrew\software\mon\6802\mon.asm :
     44       51       57       62       68      163      171    

symbol PUTHEX (=F19E, Z:\prj\homebrew\software\mon\6802\mon.asm:151):
 file Z:\prj\homebrew\software\mon\6802\mon.asm :
     53       55       60    

symbol PUTWAIT21 (=F030, Z:\prj\homebrew\software\mon\6802\uart.asm:51):
 file Z:\prj\homebrew\software\mon\6802\uart.asm :
     54    

symbol RESET (=F0DD, Z:\prj\homebrew\software\mon\6802\mon.asm:27):
 file Z:\prj\homebrew\software\mon\6802\mon.asm :
    101      103    
 file Z:\prj\homebrew\software\mon\6802\vec.asm :
      8    

symbol SWI (=F1EC, Z:\prj\homebrew\software\mon\6802\mon.asm:182):
 file Z:\prj\homebrew\software\mon\6802\mon.asm :
    183    
 file Z:\prj\homebrew\software\mon\6802\vec.asm :
      6    

symbol USERH (=2, Z:\prj\homebrew\software\mon\6802\mon.asm:22):
 file Z:\prj\homebrew\software\mon\6802\mon.asm :
     37      111      115      134      144    

symbol USERL (=3, Z:\prj\homebrew\software\mon\6802\mon.asm:23):
 file Z:\prj\homebrew\software\mon\6802\mon.asm :
     36       76      114      133      143      146      147    



0.01 seconds assembly time

    343 lines source file
    406 lines incl. macro expansions
      2 passes
      0 errors
      0 warnings
