Segment CODE
File C:\Users\jdlowe\prj\Homebrew\mon\6802\uart.asm
   24:0000F000    25:0000F002    26:0000F005    27:0000F008    28:0000F00A 
   29:0000F00D    30:0000F00F    31:0000F012    32:0000F015    33:0000F017 
   34:0000F019    37:0000F01C    38:0000F01F    39:0000F021    40:0000F023 
   41:0000F026    42:0000F027    43:0000F029    44:0000F02C    46:0000F02E 
   50:0000F02F    52:0000F030    53:0000F033    54:0000F035    55:0000F037 
   56:0000F038    57:0000F03B    58:0000F03D    59:0000F040    60:0000F043 
   61:0000F045    62:0000F048    63:0000F04A    64:0000F04D    65:0000F04F 
   66:0000F052    70:0000F053    71:0000F056    72:0000F058    73:0000F05A 
   74:0000F05D    75:0000F060    76:0000F062    77:0000F065    78:0000F066 
   80:0000F067    81:0000F068 
File C:\Users\jdlowe\prj\Homebrew\mon\6802\LED.asm
   10:0000F069    11:0000F06C    12:0000F06E    13:0000F071    14:0000F074 
   15:0000F076    16:0000F079    19:0000F07A    20:0000F07B    21:0000F07E 
   22:0000F080    23:0000F083    24:0000F084    27:0000F085    28:0000F086 
   29:0000F089    30:0000F08B    31:0000F08E    32:0000F08F    35:0000F090 
   36:0000F091    37:0000F094    38:0000F096    39:0000F099    40:0000F09A 
File C:\Users\jdlowe\prj\Homebrew\mon\6802\mon.asm
   28:0000F09B    29:0000F09E    30:0000F0A1    33:0000F0A4    34:0000F0A6 
   35:0000F0A8    36:0000F0AA    37:0000F0AC    40:0000F0AE    42:0000F0B1 
   43:0000F0B3    44:0000F0B5    45:0000F0B8    46:0000F0B9    49:0000F0BB 
   50:0000F0BD    51:0000F0BF    52:0000F0C2    53:0000F0C4    54:0000F0C7 
   55:0000F0C9    56:0000F0CC    57:0000F0CE    58:0000F0D1    59:0000F0D3 
   60:0000F0D5    61:0000F0D8    62:0000F0DA    64:0000F0DD    65:0000F0E0 
   66:0000F0E2    67:0000F0E4    68:0000F0E5    69:0000F0E8    70:0000F0E9 
   71:0000F0EB    72:0000F0ED    73:0000F0EF    74:0000F0F1    75:0000F0F3 
   76:0000F0F5    77:0000F0F7    78:0000F0F9    79:0000F0FB    82:0000F0FD 
   83:0000F0FF    85:0000F101    86:0000F103    87:0000F104    88:0000F106 
   91:0000F108    92:0000F10A    93:0000F10C    94:0000F10E    95:0000F10F 
   96:0000F111    99:0000F113   100:0000F115   101:0000F117   102:0000F119 
  103:0000F11A   104:0000F11C   105:0000F11D   106:0000F11F   109:0000F121 
  110:0000F123   111:0000F125   112:0000F127   113:0000F129   114:0000F12B 
  115:0000F12D   116:0000F12F   121:0000F131   122:0000F133   123:0000F135 
  125:0000F138   126:0000F13A   127:0000F13C   128:0000F13D   129:0000F13E 
  130:0000F140   132:0000F143   133:0000F144   134:0000F146   135:0000F148 
  136:0000F149   137:0000F14A   138:0000F14B   139:0000F14C   140:0000F14D 
  141:0000F14E   142:0000F14F   143:0000F150   144:0000F152   145:0000F154 
  146:0000F155   147:0000F157   148:0000F159   152:0000F15B   153:0000F15C 
  154:0000F15D   155:0000F15E   156:0000F15F   157:0000F160   158:0000F163 
  159:0000F165   160:0000F167   161:0000F169   162:0000F16B   163:0000F16D 
  164:0000F170   165:0000F172   166:0000F175   167:0000F177   168:0000F179 
  169:0000F17B   170:0000F17D   171:0000F17F   174:0000F182   177:0000F192 
  180:0000F1A7   183:0000F1A9   186:0000F1AB 
File C:\Users\jdlowe\prj\Homebrew\mon\6802\vec.asm
    5:0000FFF8     6:0000FFFA     7:0000FFFC     8:0000FFFE 

Symbols in Segment NOTHING
ADDRH                                 Int    0                         -1  1 0
ADDRL                                 Int    1                         -1  1 0
ARCHITECTURE                          String i386-unknown-win32        -1  0 1
CASESENSITIVE                         Int    0                         -1  0 1
COMPMODE                              Int    0                         -1  0 1
CONSTPI                               Float  3.141592653589793         -1  0 1
DATE                                  String 9/4/2022                  -1  0 1
FALSE                                 Int    0                         -1  0 1
FT240_NOSTB                           Int    E                         -1  1 0
FT240_RDSTB                           Int    C                         -1  1 0
FT240_RXF                             Int    80                        -1  1 0
FT240_SIWU                            Int    20                        -1  1 0
FT240_TXE                             Int    40                        -1  1 0
FT240_WRMSK                           Int    1                         -1  1 0
FULLPMMU                              Int    1                         -1  0 1
HAS64                                 Int    0                         -1  0 1
HASFPU                                Int    0                         -1  0 1
HASPMMU                               Int    0                         -1  0 1
INSUPMODE                             Int    0                         -1  0 1
LED_BLUE                              Int    2                         -1  1 0
LED_GREEN                             Int    8                         -1  1 0
LED_RED                               Int    4                         -1  1 0
LISTON                                Int    1                         -1  0 1
MACEXP                                Int    7                         -1  0 1
MOMCPU                                Int    6800                      -1  0 1
MOMCPUNAME                            String 6800                      -1  0 1
NESTMAX                               Int    100                       -1  0 1
PADDING                               Int    0                         -1  0 1
PIA_ACR                               Int    20B                       -1  0 0
PIA_BASE                              Int    200                       -1  1 0
PIA_DDRA                              Int    203                       -1  1 0
PIA_DDRB                              Int    202                       -1  1 0
PIA_IN                                Int    0                         -1  1 0
PIA_OUT                               Int    FF                        -1  1 0
PIA_PCR                               Int    20C                       -1  1 0
PIA_PORTA                             Int    201                       -1  1 0
PIA_PORTB                             Int    200                       -1  1 0
PTRH                                  Int    4                         -1  1 0
PTRL                                  Int    5                         -1  1 0
RELAXED                               Int    0                         -1  0 1
TIME                                  String 18:18:6                   -1  0 1
TRUE                                  Int    1                         -1  0 1
USERH                                 Int    2                         -1  1 0
USERL                                 Int    3                         -1  1 0
VERSION                               Int    142F                      -1  0 1

Symbols in Segment CODE
DOINC                                 Int    F101                      -1  1 0
FT240_FLUSH                           Int    F01C                      -1  1 0
FT240_INIT                            Int    F000                      -1  1 0
GETCHAR                               Int    F053                      -1  1 0
GOTHEX                                Int    F143                      -1  1 0
HEXCHARS                              Int    F182                      -1  1 0
INFOCMD                               Int    F0AE                      -1  1 0
INFOSTR                               Int    F192                      -1  1 0
INITMON                               Int    F0A4                      -1  0 0
IRQ                                   Int    F1A7                      -1  1 0
LED_INIT                              Int    F069                      -1  1 0
LED_REDOFF                            Int    F085                      -1  1 0
LED_REDON                             Int    F07A                      -1  1 0
LED_REDTOGGLE                         Int    F090                      -1  0 0
LOOP44                                Int    F0B1                      -1  1 0
NEXTCHAR                              Int    F0DD                      -1  1 0
NMI                                   Int    F1AB                      -1  1 0
NOCHAR20                              Int    F02E                      -1  1 0
NOCHAR22                              Int    F067                      -1  1 0
NOTADDR                               Int    F131                      -1  1 0
NOTDEC                                Int    F113                      -1  1 0
NOTGO                                 Int    F121                      -1  1 0
NOTINC                                Int    F108                      -1  1 0
NOTWRITE                              Int    F0FD                      -1  1 0
PARSEHEX                              Int    F131                      -1  0 0
PARSELOOP                             Int    F138                      -1  1 0
PROMPT                                Int    F0BB                      -1  1 0
PUTCHAR                               Int    F02F                      -1  1 0
PUTHEX                                Int    F15B                      -1  1 0
PUTWAIT21                             Int    F030                      -1  1 0
RESET                                 Int    F09B                      -1  1 0
SWI                                   Int    F1A9                      -1  1 0
